
C:\Github\andersonsmsncom\legendary-journey-test>git status
On branch main
Your branch is up to date with 'origin/main'.

nothing to commit, working tree clean

C:\Github\andersonsmsncom\legendary-journey-test>git branch DEV

C:\Github\andersonsmsncom\legendary-journey-test>git checkout DEV
Switched to branch 'DEV'

C:\Github\andersonsmsncom\legendary-journey-test>git status
On branch DEV
nothing to commit, working tree clean

C:\Github\andersonsmsncom\legendary-journey-test>git push
fatal: The current branch DEV has no upstream branch.
To push the current branch and set the remote as upstream, use

    git push --set-upstream origin DEV

To have this happen automatically for branches without a tracking
upstream, see 'push.autoSetupRemote' in 'git help config'.


C:\Github\andersonsmsncom\legendary-journey-test>git push --set-upstream origin DEV
Total 0 (delta 0), reused 0 (delta 0), pack-reused 0
remote:
remote: Create a pull request for 'DEV' on GitHub by visiting:
remote:      https://github.com/andersonsmsncom/legendary-journey-test/pull/new/DEV
remote:
To https://github.com/andersonsmsncom/legendary-journey-test
 * [new branch]      DEV -> DEV
branch 'DEV' set up to track 'origin/DEV'.

C:\Github\andersonsmsncom\legendary-journey-test>git checkout main
Switched to branch 'main'
Your branch is up to date with 'origin/main'.

C:\Github\andersonsmsncom\legendary-journey-test>git status
On branch main
Your branch is up to date with 'origin/main'.

nothing to commit, working tree clean

C:\Github\andersonsmsncom\legendary-journey-test>